
--- Signs ---
Signs for fixture.txt:
    line=3  id=3000  name=GitGutterLineAdded
    line=4  id=3001  name=GitGutterLineAdded
    line=5  id=3002  name=GitGutterLineAdded
