diff --git a/test/fixture.txt b/test/fixture.txt
index f5c6aff..3fbde56 100644
--- a/test/fixture.txt
+++ b/test/fixture.txt
@@ -1,5 +1,8 @@
 a
 b
+x
+y
+z
 c
 d
 e
