'[ mark: 0,6,1,0
'] mark: 0,6,2,0
'[ mark: 0,6,1,0
'] mark: 0,6,2,0
